[10:04:26] [prereg] 1d6682f968fa… — inicio de corridas
[10:04:26] == brazo a_N1e5 (newtoniano, N = 1e5)
[10:04:28]   capas semilla 1, N = 100000 (capas reales 102850): 1s, N(<0.4) = 1795, m_min/m₀ = 1.27e-08
[10:04:28]   brazo a_N1e5: {'t_gyr': 0.0, 'kind': 'inicio', 'eps_c_max': 0.0, 'weak_regime_ok': True, 'D_F_at_soft': 0.0, 'ds': 0.04, 'n_bins': 213, 'N': 102850, 'dt_myr': 0.15, 'U_self_identity_rel': 0.0}
[10:04:28]     t = 0.0001 Gyr: M(<0.4) = 5.340e+07, M(<0.1) = 3.438e+06, N(<0.4) = 1796, E_self = -3.467541e+14, W_fric = 0.000e+00, ε_máx = 0.00e+00
[10:04:28]     t = 0.0003 Gyr: M(<0.4) = 5.394e+07, M(<0.1) = 3.461e+06, N(<0.4) = 1800, E_self = -3.467541e+14, W_fric = 0.000e+00, ε_máx = 0.00e+00
[10:04:28]     t = 0.0006 Gyr: M(<0.4) = 5.400e+07, M(<0.1) = 3.440e+06, N(<0.4) = 1799, E_self = -3.467541e+14, W_fric = 0.000e+00, ε_máx = 0.00e+00
[10:04:28]     t = 0.0010 Gyr: M(<0.4) = 5.375e+07, M(<0.1) = 3.273e+06, N(<0.4) = 1794, E_self = -3.467541e+14, W_fric = 0.000e+00, ε_máx = 0.00e+00
[10:04:29]     t = 0.0021 Gyr: M(<0.4) = 5.357e+07, M(<0.1) = 3.211e+06, N(<0.4) = 1776, E_self = -3.467542e+14, W_fric = 0.000e+00, ε_máx = 0.00e+00
[10:04:30] [prereg] 1d6682f968fa… — inicio de corridas
[10:04:30] == brazo bAS_ds0.02_N1e6 (Cronos v3 a A_Sculptor, ds = 0.02, N = 1e6)
[10:04:31]     t = 0.0051 Gyr: M(<0.4) = 5.656e+07, M(<0.1) = 3.183e+06, N(<0.4) = 1699, E_self = -3.467543e+14, W_fric = 0.000e+00, ε_máx = 0.00e+00
[10:04:32] [prereg] 1d6682f968fa… — inicio de corridas
[10:04:32] == brazo b005_ds0.04_N1e6 (Cronos v3 a 0.05·A_Sculptor, ds = 0.04, N = 1e6)
[10:04:33]   capas semilla 1, N = 1000000 (capas reales 1028500): 3s, N(<0.4) = 17953, m_min/m₀ = 1.10e-08
[10:04:33]     t = 0.0100 Gyr: M(<0.4) = 5.825e+07, M(<0.1) = 2.565e+06, N(<0.4) = 1514, E_self = -3.467545e+14, W_fric = 0.000e+00, ε_máx = 0.00e+00
[10:04:35]   brazo bAS_ds0.02_N1e6: {'t_gyr': 0.0, 'kind': 'inicio', 'eps_c_max': 1.1077900422303054e-05, 'weak_regime_ok': True, 'D_F_at_soft': 233.49519024600463, 'ds': 0.02, 'n_bins': 420, 'N': 1028500, 'dt_myr': 0.15, 'U_self_identity_rel': 0.0}
[10:04:35]   capas semilla 1, N = 1000000 (capas reales 1028500): 3s, N(<0.4) = 17953, m_min/m₀ = 1.10e-08
[10:04:36]   brazo b005_ds0.04_N1e6: {'t_gyr': 0.0, 'kind': 'inicio', 'eps_c_max': 3.262008029829189e-07, 'weak_regime_ok': True, 'D_F_at_soft': 11.68118368390908, 'ds': 0.04, 'n_bins': 213, 'N': 1028500, 'dt_myr': 0.15, 'U_self_identity_rel': 1.4801362764079545e-16}
[10:04:38]     t = 0.0201 Gyr: M(<0.4) = 5.790e+07, M(<0.1) = 2.844e+06, N(<0.4) = 1297, E_self = -3.467550e+14, W_fric = 0.000e+00, ε_máx = 0.00e+00
[10:04:38]     t = 0.0001 Gyr: M(<0.4) = 5.330e+07, M(<0.1) = 3.730e+06, N(<0.4) = 17952, E_self = -3.476300e+14, W_fric = 1.018e+04, ε_máx = 1.90e-04
[10:04:38]     t = 0.0001 Gyr: M(<0.4) = 5.327e+07, M(<0.1) = 3.479e+06, N(<0.4) = 17949, E_self = -3.464288e+14, W_fric = 2.857e+01, ε_máx = 6.47e-07
[10:04:50]     t = 0.0501 Gyr: M(<0.4) = 6.202e+07, M(<0.1) = 3.232e+06, N(<0.4) = 1458, E_self = -3.467571e+14, W_fric = 0.000e+00, ε_máx = 0.00e+00
[10:05:12]     t = 0.1000 Gyr: M(<0.4) = 6.526e+07, M(<0.1) = 3.639e+06, N(<0.4) = 1450, E_self = -3.467616e+14, W_fric = 0.000e+00, ε_máx = 0.00e+00
[10:05:12]   guardado a_N1e5.json (44.5 s, 667 pasos; parada temprana: False )
[10:05:12] == brazo bAS_ds0.04_N1e5 (Cronos v3 a A_Sculptor, ds = 0.04, N = 1e5 (control de N))
[10:05:13]   capas semilla 1, N = 100000 (capas reales 102850): 0s, N(<0.4) = 1795, m_min/m₀ = 1.27e-08
[10:05:13]   brazo bAS_ds0.04_N1e5: {'t_gyr': 0.0, 'kind': 'inicio', 'eps_c_max': 6.523056034675967e-06, 'weak_regime_ok': True, 'D_F_at_soft': 230.17453949534553, 'ds': 0.04, 'n_bins': 213, 'N': 102850, 'dt_myr': 0.15, 'U_self_identity_rel': 0.0}
[10:05:13]     t = 0.0001 Gyr: M(<0.4) = 5.340e+07, M(<0.1) = 3.734e+06, N(<0.4) = 1796, E_self = -3.476759e+14, W_fric = 6.076e+03, ε_máx = 6.40e-05
[10:05:16]   guardado bAS_ds0.02_N1e6.json (41.1 s, 28 pasos; parada temprana: True paso global por debajo del suelo dt_min = 1.0e-04 Myr)
[10:05:16] == brazo bAS_ds0.04_N1e6 (Cronos v3 a A_Sculptor, ds = 0.04, N = 1e6)
[10:05:17]     t = 0.0002 Gyr: M(<0.4) = 5.332e+07, M(<0.1) = 3.483e+06, N(<0.4) = 17952, E_self = -3.464288e+14, W_fric = 2.874e+02, ε_máx = 1.14e-06
[10:05:18]   capas semilla 1, N = 1000000 (capas reales 1028500): 3s, N(<0.4) = 17953, m_min/m₀ = 1.10e-08
[10:05:19]   brazo bAS_ds0.04_N1e6: {'t_gyr': 0.0, 'kind': 'inicio', 'eps_c_max': 6.524016059658378e-06, 'weak_regime_ok': True, 'D_F_at_soft': 233.62367367818158, 'ds': 0.04, 'n_bins': 213, 'N': 1028500, 'dt_myr': 0.15, 'U_self_identity_rel': 1.1841090211263636e-16}
[10:05:21]     t = 0.0001 Gyr: M(<0.4) = 5.330e+07, M(<0.1) = 3.730e+06, N(<0.4) = 17952, E_self = -3.473350e+14, W_fric = 5.508e+03, ε_máx = 6.50e-05
[10:05:30]     t = 0.0002 Gyr: M(<0.4) = 5.354e+07, M(<0.1) = 3.984e+06, N(<0.4) = 1797, E_self = -3.477480e+14, W_fric = 5.066e+08, ε_máx = 2.65e-04
[10:06:05]     t = 0.0005 Gyr: M(<0.4) = 5.406e+07, M(<0.1) = 4.333e+06, N(<0.4) = 1780, E_self = -3.483131e+14, W_fric = 9.179e+09, ε_máx = 4.29e-04
[10:06:10]   guardado bAS_ds0.04_N1e5.json (57.2 s, 398 pasos; parada temprana: True paso global por debajo del suelo dt_min = 1.0e-04 Myr)
[10:06:10] == brazo b005_ds0.04_N1e5 (Cronos v3 a 0.05·A_Sculptor, ds = 0.04, N = 1e5 (control de N))
[10:06:10]   capas semilla 1, N = 100000 (capas reales 102850): 0s, N(<0.4) = 1795, m_min/m₀ = 1.27e-08
[10:06:10]   brazo b005_ds0.04_N1e5: {'t_gyr': 0.0, 'kind': 'inicio', 'eps_c_max': 3.261528017337983e-07, 'weak_regime_ok': True, 'D_F_at_soft': 11.508726974767278, 'ds': 0.04, 'n_bins': 213, 'N': 102850, 'dt_myr': 0.15, 'U_self_identity_rel': 1.4801608231301916e-16}
[10:06:10]     t = 0.0001 Gyr: M(<0.4) = 5.340e+07, M(<0.1) = 3.438e+06, N(<0.4) = 1796, E_self = -3.467802e+14, W_fric = 2.810e+01, ε_máx = 6.43e-07
[10:06:13]     t = 0.0002 Gyr: M(<0.4) = 5.354e+07, M(<0.1) = 3.486e+06, N(<0.4) = 1797, E_self = -3.467802e+14, W_fric = 3.230e+02, ε_máx = 1.16e-06
[10:06:29]     t = 0.0005 Gyr: M(<0.4) = 5.350e+07, M(<0.1) = 3.607e+06, N(<0.4) = 1796, E_self = -3.467806e+14, W_fric = 9.134e+04, ε_máx = 5.18e-06
[10:06:47]     t = 0.0010 Gyr: M(<0.4) = 5.380e+07, M(<0.1) = 4.113e+06, N(<0.4) = 1795, E_self = -3.467837e+14, W_fric = 1.964e+06, ε_máx = 1.21e-05
[10:07:16]     t = 0.0020 Gyr: M(<0.4) = 5.410e+07, M(<0.1) = 4.604e+06, N(<0.4) = 1784, E_self = -3.467933e+14, W_fric = 6.695e+06, ε_máx = 1.11e-05
[10:07:34]     t = 0.0005 Gyr: M(<0.4) = 5.331e+07, M(<0.1) = 3.591e+06, N(<0.4) = 17943, E_self = -3.464292e+14, W_fric = 1.126e+05, ε_máx = 4.80e-06
[10:08:29]     t = 0.0051 Gyr: M(<0.4) = 5.690e+07, M(<0.1) = 7.973e+06, N(<0.4) = 1579, E_self = -3.470005e+14, W_fric = 8.028e+08, ε_máx = 5.16e-05
[10:08:56]     t = 0.0002 Gyr: M(<0.4) = 5.335e+07, M(<0.1) = 3.907e+06, N(<0.4) = 17955, E_self = -3.474002e+14, W_fric = 4.837e+08, ε_máx = 2.66e-04
[10:09:00]     t = 0.0010 Gyr: M(<0.4) = 5.341e+07, M(<0.1) = 3.939e+06, N(<0.4) = 17914, E_self = -3.464321e+14, W_fric = 6.566e+05, ε_máx = 9.22e-06
[10:11:24]     t = 0.0100 Gyr: M(<0.4) = 6.228e+07, M(<0.1) = 7.314e+06, N(<0.4) = 1422, E_self = -3.489534e+14, W_fric = 3.133e+10, ε_máx = 1.45e-04
[10:14:12]     t = 0.0005 Gyr: M(<0.4) = 5.342e+07, M(<0.1) = 4.933e+06, N(<0.4) = 17799, E_self = -3.485782e+14, W_fric = 1.520e+10, ε_máx = 5.12e-04
[10:14:34]     t = 0.0020 Gyr: M(<0.4) = 5.349e+07, M(<0.1) = 4.229e+06, N(<0.4) = 17779, E_self = -3.464421e+14, W_fric = 9.154e+06, ε_máx = 1.30e-05
[10:17:57]     t = 0.0201 Gyr: M(<0.4) = 6.424e+07, M(<0.1) = 1.814e+07, N(<0.4) = 1250, E_self = -3.974759e+14, W_fric = 2.628e+12, ε_máx = 8.71e-04
[10:17:59]   guardado bAS_ds0.04_N1e6.json (760.1 s, 474 pasos; parada temprana: True paso global por debajo del suelo dt_min = 1.0e-04 Myr)
[10:17:59] == brazo bAS_ds0.08_N1e6 (Cronos v3 a A_Sculptor, ds = 0.08, N = 1e6)
[10:18:02]   capas semilla 1, N = 1000000 (capas reales 1028500): 3s, N(<0.4) = 17953, m_min/m₀ = 1.10e-08
[10:18:02]   brazo bAS_ds0.08_N1e6: {'t_gyr': 0.0, 'kind': 'inicio', 'eps_c_max': 3.806918703552071e-06, 'weak_regime_ok': True, 'D_F_at_soft': 238.9752564319458, 'ds': 0.08, 'n_bins': 109, 'N': 1028500, 'dt_myr': 0.15, 'U_self_identity_rel': 4.840015865880601e-16}
[10:18:04]     t = 0.0001 Gyr: M(<0.4) = 5.330e+07, M(<0.1) = 3.742e+06, N(<0.4) = 17952, E_self = -3.472233e+14, W_fric = 2.040e+03, ε_máx = 5.01e-05
[10:18:54]     t = 0.0002 Gyr: M(<0.4) = 5.337e+07, M(<0.1) = 3.921e+06, N(<0.4) = 17956, E_self = -3.472321e+14, W_fric = 2.984e+07, ε_máx = 8.99e-05
[10:19:55]     t = 0.0005 Gyr: M(<0.4) = 5.353e+07, M(<0.1) = 5.392e+06, N(<0.4) = 17961, E_self = -3.473034e+14, W_fric = 4.864e+08, ε_máx = 1.53e-04
[10:19:58]   guardado b005_ds0.04_N1e5.json (828.2 s, 3278 pasos; parada temprana: True ε_c máx = 1.00e-03 > 0.001 (fuera del régimen débil))
[10:19:58] == brazo a_N1e6 (newtoniano, N = 1e6)
[10:20:01]   capas semilla 1, N = 1000000 (capas reales 1028500): 3s, N(<0.4) = 17953, m_min/m₀ = 1.10e-08
[10:20:03]   brazo a_N1e6: {'t_gyr': 0.0, 'kind': 'inicio', 'eps_c_max': 0.0, 'weak_regime_ok': True, 'D_F_at_soft': 0.0, 'ds': 0.04, 'n_bins': 213, 'N': 1028500, 'dt_myr': 0.15, 'U_self_identity_rel': 0.0}
[10:20:04]     t = 0.0001 Gyr: M(<0.4) = 5.325e+07, M(<0.1) = 3.461e+06, N(<0.4) = 17948, E_self = -3.464027e+14, W_fric = 0.000e+00, ε_máx = 0.00e+00
[10:20:05]     t = 0.0003 Gyr: M(<0.4) = 5.331e+07, M(<0.1) = 3.459e+06, N(<0.4) = 17949, E_self = -3.464027e+14, W_fric = 0.000e+00, ε_máx = 0.00e+00
[10:20:06]     t = 0.0006 Gyr: M(<0.4) = 5.336e+07, M(<0.1) = 3.423e+06, N(<0.4) = 17942, E_self = -3.464027e+14, W_fric = 0.000e+00, ε_máx = 0.00e+00
[10:20:08]     t = 0.0010 Gyr: M(<0.4) = 5.333e+07, M(<0.1) = 3.439e+06, N(<0.4) = 17904, E_self = -3.464027e+14, W_fric = 0.000e+00, ε_máx = 0.00e+00
[10:20:14]     t = 0.0021 Gyr: M(<0.4) = 5.322e+07, M(<0.1) = 3.313e+06, N(<0.4) = 17736, E_self = -3.464027e+14, W_fric = 0.000e+00, ε_máx = 0.00e+00
[10:20:30]     t = 0.0051 Gyr: M(<0.4) = 5.309e+07, M(<0.1) = 2.822e+06, N(<0.4) = 16784, E_self = -3.464028e+14, W_fric = 0.000e+00, ε_máx = 0.00e+00
[10:20:57]     t = 0.0100 Gyr: M(<0.4) = 5.118e+07, M(<0.1) = 2.519e+06, N(<0.4) = 14861, E_self = -3.464028e+14, W_fric = 0.000e+00, ε_máx = 0.00e+00
[10:21:51]     t = 0.0201 Gyr: M(<0.4) = 5.077e+07, M(<0.1) = 2.374e+06, N(<0.4) = 12607, E_self = -3.464028e+14, W_fric = 0.000e+00, ε_máx = 0.00e+00
[10:24:53]     t = 0.0501 Gyr: M(<0.4) = 5.681e+07, M(<0.1) = 3.272e+06, N(<0.4) = 13822, E_self = -3.464030e+14, W_fric = 0.000e+00, ε_máx = 0.00e+00
[10:25:38]     t = 0.0010 Gyr: M(<0.4) = 5.459e+07, M(<0.1) = 5.482e+06, N(<0.4) = 17860, E_self = -3.478405e+14, W_fric = 1.151e+10, ε_máx = 2.57e-04
[10:28:38]     t = 0.0050 Gyr: M(<0.4) = 5.329e+07, M(<0.1) = 4.639e+06, N(<0.4) = 15695, E_self = -3.467643e+14, W_fric = 1.461e+09, ε_máx = 6.43e-05
[10:30:10]     t = 0.1000 Gyr: M(<0.4) = 5.641e+07, M(<0.1) = 2.993e+06, N(<0.4) = 13852, E_self = -3.464035e+14, W_fric = 0.000e+00, ε_máx = 0.00e+00
[10:30:10]   guardado a_N1e6.json (606.8 s, 667 pasos; parada temprana: False )
[10:30:10] fin de corridas
[10:31:39]     t = 0.0020 Gyr: M(<0.4) = 5.551e+07, M(<0.1) = 8.834e+06, N(<0.4) = 16842, E_self = -3.502526e+14, W_fric = 2.715e+11, ε_máx = 5.99e-04
[10:32:42]   guardado bAS_ds0.08_N1e6.json (879.6 s, 535 pasos; parada temprana: True ε_c máx = 1.03e-03 > 0.001 (fuera del régimen débil))
[10:32:42] == brazo b005_ds0.02_N1e6 (Cronos v3 a 0.05·A_Sculptor, ds = 0.02, N = 1e6)
[10:32:44]   capas semilla 1, N = 1000000 (capas reales 1028500): 3s, N(<0.4) = 17953, m_min/m₀ = 1.10e-08
[10:32:45]   brazo b005_ds0.02_N1e6: {'t_gyr': 0.0, 'kind': 'inicio', 'eps_c_max': 5.538950211151527e-07, 'weak_regime_ok': True, 'D_F_at_soft': 11.674759512300238, 'ds': 0.02, 'n_bins': 420, 'N': 1028500, 'dt_myr': 0.15, 'U_self_identity_rel': 1.4590565677938075e-16}
[10:32:46]     t = 0.0001 Gyr: M(<0.4) = 5.327e+07, M(<0.1) = 3.479e+06, N(<0.4) = 17949, E_self = -3.464331e+14, W_fric = 3.617e+01, ε_máx = 4.05e-06
[10:33:59]     t = 0.0002 Gyr: M(<0.4) = 5.332e+07, M(<0.1) = 3.483e+06, N(<0.4) = 17952, E_self = -3.464333e+14, W_fric = 5.521e+04, ε_máx = 1.10e-05
[10:34:37]     t = 0.0100 Gyr: M(<0.4) = 5.445e+07, M(<0.1) = 8.164e+06, N(<0.4) = 14308, E_self = -3.477569e+14, W_fric = 1.089e+10, ε_máx = 1.43e-04
[10:35:17]     t = 0.0005 Gyr: M(<0.4) = 5.330e+07, M(<0.1) = 3.657e+06, N(<0.4) = 17942, E_self = -3.464352e+14, W_fric = 7.944e+05, ε_máx = 1.74e-05
[10:40:40]     t = 0.0010 Gyr: M(<0.4) = 5.341e+07, M(<0.1) = 3.689e+06, N(<0.4) = 17914, E_self = -3.464486e+14, W_fric = 1.172e+07, ε_máx = 2.24e-05
[10:45:47]     t = 0.0200 Gyr: M(<0.4) = 5.874e+07, M(<0.1) = 2.093e+07, N(<0.4) = 12968, E_self = -3.500952e+14, W_fric = 3.120e+11, ε_máx = 2.65e-04
[10:48:43]     t = 0.0020 Gyr: M(<0.4) = 5.299e+07, M(<0.1) = 3.976e+06, N(<0.4) = 16962, E_self = -3.465180e+14, W_fric = 3.315e+08, ε_máx = 6.00e-05
[11:07:40]     t = 0.0500 Gyr: M(<0.4) = 6.256e+07, M(<0.1) = 1.803e+07, N(<0.4) = 12903, E_self = -3.174498e+14, W_fric = 1.656e+13, ε_máx = 6.60e-04
[11:11:27]     t = 0.0051 Gyr: M(<0.4) = 5.269e+07, M(<0.1) = 7.111e+06, N(<0.4) = 14706, E_self = -3.487573e+14, W_fric = 8.103e+10, ε_máx = 3.25e-04
[11:13:36]     t = 0.0101 Gyr: M(<0.4) = 5.434e+07, M(<0.1) = 7.469e+06, N(<0.4) = 13640, E_self = -3.442769e+14, W_fric = 2.777e+11, ε_máx = 3.29e-04
[11:20:41]     t = 0.0201 Gyr: M(<0.4) = 6.137e+07, M(<0.1) = 1.517e+07, N(<0.4) = 12703, E_self = -3.374786e+14, W_fric = 8.716e+11, ε_máx = 5.12e-04
[11:25:07]   guardado b005_ds0.02_N1e6.json (3142.4 s, 1775 pasos; parada temprana: True ε_c máx = 1.01e-03 > 0.001 (fuera del régimen débil))
[11:25:07] fin de corridas
[11:25:34] [prereg] 1d6682f968fa… — inicio de corridas
[11:25:34] == brazo b005_ds0.08_N1e6 (Cronos v3 a 0.05·A_Sculptor, ds = 0.08, N = 1e6)
[11:25:38]   capas semilla 1, N = 1000000 (capas reales 1028500): 3s, N(<0.4) = 17953, m_min/m₀ = 1.10e-08
[11:25:39]   brazo b005_ds0.08_N1e6: {'t_gyr': 0.0, 'kind': 'inicio', 'eps_c_max': 1.9034593517760354e-07, 'weak_regime_ok': True, 'D_F_at_soft': 11.948762821597294, 'ds': 0.08, 'n_bins': 109, 'N': 1028500, 'dt_myr': 0.15, 'U_self_identity_rel': 6.050019832350751e-16}
[11:25:41]     t = 0.0001 Gyr: M(<0.4) = 5.327e+07, M(<0.1) = 3.479e+06, N(<0.4) = 17949, E_self = -3.464280e+14, W_fric = 2.633e+01, ε_máx = 2.31e-07
[11:25:51]     t = 0.0002 Gyr: M(<0.4) = 5.331e+07, M(<0.1) = 3.483e+06, N(<0.4) = 17951, E_self = -3.464280e+14, W_fric = 4.360e+01, ε_máx = 2.74e-07
[11:28:27]     t = 0.0005 Gyr: M(<0.4) = 5.331e+07, M(<0.1) = 3.578e+06, N(<0.4) = 17943, E_self = -3.464281e+14, W_fric = 4.975e+03, ε_máx = 2.05e-06
[11:29:15]     t = 0.0011 Gyr: M(<0.4) = 5.343e+07, M(<0.1) = 3.989e+06, N(<0.4) = 17910, E_self = -3.464284e+14, W_fric = 9.942e+04, ε_máx = 2.95e-06
[11:30:29]     t = 0.0020 Gyr: M(<0.4) = 5.348e+07, M(<0.1) = 5.085e+06, N(<0.4) = 17776, E_self = -3.464298e+14, W_fric = 4.936e+05, ε_máx = 4.45e-06
[11:34:45]     t = 0.1000 Gyr: M(<0.4) = 5.513e+07, M(<0.1) = 1.800e+07, N(<0.4) = 12615, E_self = -2.848831e+14, W_fric = 5.320e+13, ε_máx = 9.13e-04
[11:34:45]   guardado b005_ds0.04_N1e6.json (5409.0 s, 2144 pasos; parada temprana: False )
[11:34:45] == brazo b005_ds0.08_N1e6 (Cronos v3 a 0.05·A_Sculptor, ds = 0.08, N = 1e6)
[11:34:48]   capas semilla 1, N = 1000000 (capas reales 1028500): 3s, N(<0.4) = 17953, m_min/m₀ = 1.10e-08
[11:34:49]   brazo b005_ds0.08_N1e6: {'t_gyr': 0.0, 'kind': 'inicio', 'eps_c_max': 1.9034593517760354e-07, 'weak_regime_ok': True, 'D_F_at_soft': 11.948762821597294, 'ds': 0.08, 'n_bins': 109, 'N': 1028500, 'dt_myr': 0.15, 'U_self_identity_rel': 6.050019832350751e-16}
[11:34:51]     t = 0.0001 Gyr: M(<0.4) = 5.327e+07, M(<0.1) = 3.479e+06, N(<0.4) = 17949, E_self = -3.464280e+14, W_fric = 2.633e+01, ε_máx = 2.31e-07
[11:35:01]     t = 0.0002 Gyr: M(<0.4) = 5.331e+07, M(<0.1) = 3.483e+06, N(<0.4) = 17951, E_self = -3.464280e+14, W_fric = 4.360e+01, ε_máx = 2.74e-07
[11:36:15]     t = 0.0050 Gyr: M(<0.4) = 5.458e+07, M(<0.1) = 7.114e+06, N(<0.4) = 16922, E_self = -3.464530e+14, W_fric = 3.053e+07, ε_máx = 1.14e-05
[11:37:31]     t = 0.0005 Gyr: M(<0.4) = 5.331e+07, M(<0.1) = 3.578e+06, N(<0.4) = 17943, E_self = -3.464281e+14, W_fric = 4.975e+03, ε_máx = 2.05e-06
[11:38:18]     t = 0.0011 Gyr: M(<0.4) = 5.343e+07, M(<0.1) = 3.989e+06, N(<0.4) = 17910, E_self = -3.464284e+14, W_fric = 9.942e+04, ε_máx = 2.95e-06
[11:39:29]     t = 0.0020 Gyr: M(<0.4) = 5.348e+07, M(<0.1) = 5.085e+06, N(<0.4) = 17776, E_self = -3.464298e+14, W_fric = 4.936e+05, ε_máx = 4.45e-06
[11:45:11] [prereg] 1d6682f968fa… — inicio de corridas
[11:45:11] == brazo b005_ds0.08_N1e6 (Cronos v3 a 0.05·A_Sculptor, ds = 0.08, N = 1e6)
[11:45:15]   capas semilla 1, N = 1000000 (capas reales 1028500): 3s, N(<0.4) = 17953, m_min/m₀ = 1.10e-08
[11:45:16]   brazo b005_ds0.08_N1e6: {'t_gyr': 0.0, 'kind': 'inicio', 'eps_c_max': 1.9034593517760354e-07, 'weak_regime_ok': True, 'D_F_at_soft': 11.948762821597294, 'ds': 0.08, 'n_bins': 109, 'N': 1028500, 'dt_myr': 0.15, 'U_self_identity_rel': 6.050019832350751e-16}
[11:45:18]     t = 0.0001 Gyr: M(<0.4) = 5.327e+07, M(<0.1) = 3.479e+06, N(<0.4) = 17949, E_self = -3.464280e+14, W_fric = 2.633e+01, ε_máx = 2.31e-07
[11:45:28]     t = 0.0002 Gyr: M(<0.4) = 5.331e+07, M(<0.1) = 3.483e+06, N(<0.4) = 17951, E_self = -3.464280e+14, W_fric = 4.360e+01, ε_máx = 2.74e-07
[11:47:51]     t = 0.0005 Gyr: M(<0.4) = 5.331e+07, M(<0.1) = 3.578e+06, N(<0.4) = 17943, E_self = -3.464281e+14, W_fric = 4.975e+03, ε_máx = 2.05e-06
[11:48:36]     t = 0.0011 Gyr: M(<0.4) = 5.343e+07, M(<0.1) = 3.989e+06, N(<0.4) = 17910, E_self = -3.464284e+14, W_fric = 9.942e+04, ε_máx = 2.95e-06
[11:49:43]     t = 0.0020 Gyr: M(<0.4) = 5.348e+07, M(<0.1) = 5.085e+06, N(<0.4) = 17776, E_self = -3.464298e+14, W_fric = 4.936e+05, ε_máx = 4.45e-06
[11:54:48]     t = 0.0050 Gyr: M(<0.4) = 5.458e+07, M(<0.1) = 7.114e+06, N(<0.4) = 16922, E_self = -3.464530e+14, W_fric = 3.053e+07, ε_máx = 1.14e-05
[12:04:17]     t = 0.0100 Gyr: M(<0.4) = 5.397e+07, M(<0.1) = 8.045e+06, N(<0.4) = 15057, E_self = -3.466437e+14, W_fric = 7.127e+08, ε_máx = 2.88e-05
[12:14:19]     t = 0.0201 Gyr: M(<0.4) = 5.729e+07, M(<0.1) = 1.512e+07, N(<0.4) = 13763, E_self = -3.471229e+14, W_fric = 9.234e+09, ε_máx = 5.96e-05
[12:34:42]     t = 0.0500 Gyr: M(<0.4) = 5.594e+07, M(<0.1) = 1.522e+07, N(<0.4) = 13284, E_self = -3.479776e+14, W_fric = 9.909e+10, ε_máx = 9.49e-05
[13:05:34]     t = 0.1000 Gyr: M(<0.4) = 5.445e+07, M(<0.1) = 1.691e+07, N(<0.4) = 13331, E_self = -3.517866e+14, W_fric = 4.080e+11, ε_máx = 1.39e-04
[13:05:34]   guardado b005_ds0.08_N1e6.json (4818.3 s, 2201 pasos; parada temprana: False )
[13:05:34] fin de corridas
