[18:07:47] [prereg] 72c534dc1c09… — inicio de corridas
[18:07:47] == brazo b (Cronos v3 completo (fuerza + fricción con compuerta + lapse) a A_Sculptor), semilla 1
[18:07:49]   ICs semilla 1: 2s, M_tot = 1.357e+11, f<0 = 0.000
[18:08:15]   brazo b semilla 1: A = 6.202e-07, D_F(ε_soft) = 13.61, r(D_F = 1) = 0.8378012477030398, ε_c,max = 5.20e-08, v_well = 97 km/s, r_inner = 0.251 kpc, régimen débil = True
[18:24:55]     t = 0.25 Gyr  M(<0.4) = 4.071e+08  M(<2.3) = 1.619e+09  E = -3.3771e+14  wall 999s  calls {'brute': 4425, 'tree': 9986}
[18:45:40]     t = 0.50 Gyr  M(<0.4) = 1.900e+07  M(<2.3) = 9.592e+08  E = -3.4133e+14  wall 2244s  calls {'brute': 20619, 'tree': 13792}
[19:20:40]     t = 1.00 Gyr  M(<0.4) = 1.696e+07  M(<2.3) = 9.894e+08  E = -3.4148e+14  wall 4345s  calls {'brute': 59994, 'tree': 14417}
[19:56:30]     t = 1.50 Gyr  M(<0.4) = 1.425e+07  M(<2.3) = 1.016e+09  E = -3.4143e+14  wall 6494s  calls {'brute': 99369, 'tree': 15042}
[20:32:25]     t = 2.00 Gyr  M(<0.4) = 1.188e+07  M(<2.3) = 1.006e+09  E = -3.4143e+14  wall 8650s  calls {'brute': 138744, 'tree': 15667}
[20:32:25]   guardado b_seed1.json (8650.6 s; parada temprana: False )
[20:32:25] == brazo b (Cronos v3 completo (fuerza + fricción con compuerta + lapse) a A_Sculptor), semilla 2
[20:32:27]   ICs semilla 2: 2s, M_tot = 1.357e+11, f<0 = 0.000
[20:32:28]   brazo b semilla 2: A = 6.202e-07, D_F(ε_soft) = 12.69, r(D_F = 1) = 0.8378012477030398, ε_c,max = 5.19e-08, v_well = 97 km/s, r_inner = 0.257 kpc, régimen débil = True
[20:45:41]     t = 0.25 Gyr  M(<0.4) = 6.514e+07  M(<2.3) = 1.360e+09  E = -3.4438e+14  wall 792s  calls {'brute': 6029, 'tree': 3979}
[21:01:22]     t = 0.50 Gyr  M(<0.4) = 6.175e+07  M(<2.3) = 1.361e+09  E = -3.4431e+14  wall 1733s  calls {'brute': 13347, 'tree': 6661}
[21:27:03]     t = 1.00 Gyr  M(<0.4) = 6.752e+07  M(<2.3) = 1.357e+09  E = -3.4450e+14  wall 3274s  calls {'brute': 24840, 'tree': 15168}
[21:51:34]     t = 1.50 Gyr  M(<0.4) = 6.480e+07  M(<2.3) = 1.363e+09  E = -3.4441e+14  wall 4745s  calls {'brute': 35779, 'tree': 24229}
[22:15:44]     t = 2.00 Gyr  M(<0.4) = 6.413e+07  M(<2.3) = 1.375e+09  E = -3.4442e+14  wall 6195s  calls {'brute': 46530, 'tree': 33478}
[22:15:44]   guardado b_seed2.json (6196.1 s; parada temprana: False )
[22:15:44] == brazo b (Cronos v3 completo (fuerza + fricción con compuerta + lapse) a A_Sculptor), semilla 3
[22:15:46]   ICs semilla 3: 2s, M_tot = 1.357e+11, f<0 = 0.000
[22:15:47]   brazo b semilla 3: A = 6.202e-07, D_F(ε_soft) = 14.69, r(D_F = 1) = 0.8378012477030398, ε_c,max = 6.20e-08, v_well = 106 km/s, r_inner = 0.240 kpc, régimen débil = True
[22:35:57]     t = 0.25 Gyr  M(<0.4) = 1.917e+08  M(<2.3) = 1.432e+09  E = -3.4151e+14  wall 1210s  calls {'brute': 3290, 'tree': 14037}
[22:52:43]     t = 0.50 Gyr  M(<0.4) = 1.459e+07  M(<2.3) = 1.037e+09  E = -3.4090e+14  wall 2215s  calls {'brute': 22953, 'tree': 14374}
[23:26:54]     t = 1.00 Gyr  M(<0.4) = 1.663e+07  M(<2.3) = 1.020e+09  E = -3.4102e+14  wall 4266s  calls {'brute': 62328, 'tree': 14999}
[00:01:17]     t = 1.50 Gyr  M(<0.4) = 1.323e+07  M(<2.3) = 9.931e+08  E = -3.4098e+14  wall 6329s  calls {'brute': 101703, 'tree': 15624}
[00:36:02]     t = 2.00 Gyr  M(<0.4) = 1.425e+07  M(<2.3) = 1.021e+09  E = -3.4095e+14  wall 8415s  calls {'brute': 141078, 'tree': 16249}
[00:36:02]   guardado b_seed3.json (8415.4 s; parada temprana: False )
[00:36:02] == brazo a (newtoniano (referencia)), semilla 1
[00:36:04]   ICs semilla 1: 2s, M_tot = 1.357e+11, f<0 = 0.000
[00:36:05]   brazo a semilla 1: A = 6.202e-07, D_F(ε_soft) = 13.61, r(D_F = 1) = 0.8378012477030398, ε_c,max = 5.20e-08, v_well = 0 km/s, r_inner = 0.251 kpc, régimen débil = True
[00:45:13]     t = 0.25 Gyr  M(<0.4) = 4.954e+07  M(<2.3) = 1.482e+09  E = -3.4645e+14  wall 548s  calls {'brute': 7667, 'tree': 2399}
[00:55:26]     t = 0.50 Gyr  M(<0.4) = 3.563e+07  M(<2.3) = 1.450e+09  E = -3.4644e+14  wall 1160s  calls {'brute': 15215, 'tree': 4899}
[01:17:00]     t = 1.00 Gyr  M(<0.4) = 3.596e+07  M(<2.3) = 1.437e+09  E = -3.4658e+14  wall 2454s  calls {'brute': 30292, 'tree': 9899}
[01:39:05]     t = 1.50 Gyr  M(<0.4) = 4.852e+07  M(<2.3) = 1.471e+09  E = -3.4653e+14  wall 3780s  calls {'brute': 45354, 'tree': 14899}
[02:01:38]     t = 2.00 Gyr  M(<0.4) = 3.868e+07  M(<2.3) = 1.437e+09  E = -3.4651e+14  wall 5132s  calls {'brute': 60394, 'tree': 19899}
[02:01:38]   guardado a_seed1.json (5133.3 s; parada temprana: False )
[02:01:38] == brazo a (newtoniano (referencia)), semilla 2
[02:01:40]   ICs semilla 2: 2s, M_tot = 1.357e+11, f<0 = 0.000
[02:01:41]   brazo a semilla 2: A = 6.202e-07, D_F(ε_soft) = 12.69, r(D_F = 1) = 0.8378012477030398, ε_c,max = 5.19e-08, v_well = 0 km/s, r_inner = 0.257 kpc, régimen débil = True
[02:10:48]     t = 0.25 Gyr  M(<0.4) = 4.614e+07  M(<2.3) = 1.444e+09  E = -3.4525e+14  wall 547s  calls {'brute': 7599, 'tree': 2402}
[02:20:54]     t = 0.50 Gyr  M(<0.4) = 5.463e+07  M(<2.3) = 1.441e+09  E = -3.4521e+14  wall 1152s  calls {'brute': 15099, 'tree': 4902}
[02:41:42]     t = 1.00 Gyr  M(<0.4) = 3.868e+07  M(<2.3) = 1.439e+09  E = -3.4534e+14  wall 2401s  calls {'brute': 30095, 'tree': 9902}
[03:03:07]     t = 1.50 Gyr  M(<0.4) = 2.884e+07  M(<2.3) = 1.411e+09  E = -3.4530e+14  wall 3685s  calls {'brute': 45095, 'tree': 14902}
[03:25:13]     t = 2.00 Gyr  M(<0.4) = 2.545e+07  M(<2.3) = 1.403e+09  E = -3.4531e+14  wall 5012s  calls {'brute': 60095, 'tree': 19902}
[03:25:13]   guardado a_seed2.json (5012.3 s; parada temprana: False )
[03:25:13] == brazo a (newtoniano (referencia)), semilla 3
[03:25:15]   ICs semilla 3: 1s, M_tot = 1.357e+11, f<0 = 0.000
[03:25:15]   brazo a semilla 3: A = 6.202e-07, D_F(ε_soft) = 14.69, r(D_F = 1) = 0.8378012477030398, ε_c,max = 6.20e-08, v_well = 0 km/s, r_inner = 0.240 kpc, régimen débil = True
[03:34:40]     t = 0.25 Gyr  M(<0.4) = 5.768e+07  M(<2.3) = 1.508e+09  E = -3.4477e+14  wall 564s  calls {'brute': 7516, 'tree': 2386}
[03:45:03]     t = 0.50 Gyr  M(<0.4) = 3.766e+07  M(<2.3) = 1.465e+09  E = -3.4472e+14  wall 1187s  calls {'brute': 15016, 'tree': 4886}
[04:06:50]     t = 1.00 Gyr  M(<0.4) = 5.225e+07  M(<2.3) = 1.476e+09  E = -3.4489e+14  wall 2494s  calls {'brute': 30015, 'tree': 9886}
[04:29:09]     t = 1.50 Gyr  M(<0.4) = 5.191e+07  M(<2.3) = 1.491e+09  E = -3.4482e+14  wall 3833s  calls {'brute': 45015, 'tree': 14886}
[04:51:54]     t = 2.00 Gyr  M(<0.4) = 3.427e+07  M(<2.3) = 1.467e+09  E = -3.4480e+14  wall 5197s  calls {'brute': 60015, 'tree': 19886}
[04:51:54]   guardado a_seed3.json (5198.2 s; parada temprana: False )
[04:51:54] == brazo b_static (puerta numérica: Cronos a A_Sculptor con el campo CONGELADO en t = 0 (K + W + U_Cronos se conserva)), semilla 1
[04:51:55]   ICs semilla 1: 2s, M_tot = 1.357e+11, f<0 = 0.000
[04:51:56]   brazo b_static semilla 1: A = 6.202e-07, D_F(ε_soft) = 13.61, r(D_F = 1) = 0.8378012477030398, ε_c,max = 5.20e-08, v_well = 97 km/s, r_inner = 0.251 kpc, régimen débil = True
[04:59:21]     t = 0.25 Gyr  M(<0.4) = 1.076e+08  M(<2.3) = 1.589e+09  E = -3.4730e+14  wall 444s  calls {'brute': 5562, 'tree': 4590}
[04:59:21]   guardado b_static_seed1.json (444.7 s; parada temprana: False )
[04:59:21] == brazo b_res (control de convergencia del campo: como b con k_inner = 128 (radio interior del campo medio ×2 en partículas)), semilla 1
[04:59:22]   ICs semilla 1: 1s, M_tot = 1.357e+11, f<0 = 0.000
[04:59:23]   brazo b_res semilla 1: A = 6.202e-07, D_F(ε_soft) = 5.08, r(D_F = 1) = 0.8378012477030398, ε_c,max = 2.77e-08, v_well = 71 km/s, r_inner = 0.376 kpc, régimen débil = True
[05:08:15]     t = 0.25 Gyr  M(<0.4) = 1.276e+08  M(<2.3) = 1.645e+09  E = -3.4760e+14  wall 531s  calls {'brute': 5581, 'tree': 4565}
[05:17:13]     t = 0.50 Gyr  M(<0.4) = 7.973e+07  M(<2.3) = 1.432e+09  E = -3.4633e+14  wall 1069s  calls {'brute': 10632, 'tree': 9565}
[05:35:17]     t = 1.00 Gyr  M(<0.4) = 8.211e+07  M(<2.3) = 1.449e+09  E = -3.4653e+14  wall 2153s  calls {'brute': 20711, 'tree': 19565}
[05:53:49]     t = 1.50 Gyr  M(<0.4) = 8.109e+07  M(<2.3) = 1.426e+09  E = -3.4647e+14  wall 3265s  calls {'brute': 30782, 'tree': 29565}
[06:13:00]     t = 2.00 Gyr  M(<0.4) = 8.075e+07  M(<2.3) = 1.453e+09  E = -3.4644e+14  wall 4416s  calls {'brute': 40821, 'tree': 39565}
[06:13:00]   guardado b_res_seed1.json (4416.6 s; parada temprana: False )
[06:13:00] == brazo cprime (control de respuesta: 10·A_Sculptor (régimen débil válido; D_F = 1 en ≈ 2 kpc)), semilla 1
[06:13:01]   ICs semilla 1: 1s, M_tot = 1.357e+11, f<0 = 0.000
[06:13:03]   brazo cprime semilla 1: A = 6.202e-06, D_F(ε_soft) = 136.06, r(D_F = 1) = 2.1850405159936575, ε_c,max = 5.20e-07, v_well = 306 km/s, r_inner = 0.251 kpc, régimen débil = True
[06:18:11]   guardado cprime_seed1.json (307.8 s; parada temprana: True runaway: v_well > 1000 km/s en t = 0.0551 Gyr)
[06:18:11] == brazo c (control de exclusión: cierre cosmológico ρ_c = 200·ρ̄_m (A ≈ 41.5) con parada al violar el régimen débil), semilla 1
[06:18:13]   ICs semilla 1: 2s, M_tot = 1.357e+11, f<0 = 0.000
[06:18:14]   brazo c semilla 1: A = 4.151e+01, D_F(ε_soft) = 910736849.04, r(D_F = 1) = 196.94561865230864, ε_c,max = 3.48e+00, v_well = 790647 km/s, r_inner = 0.251 kpc, régimen débil = False
[06:58:25] [prereg] 72c534dc1c09… — inicio de corridas
[06:58:25] == brazo c (control de exclusión: cierre cosmológico ρ_c = 200·ρ̄_m (A ≈ 41.5) con parada al violar el régimen débil), semilla 1
[06:58:27]   ICs semilla 1: 2s, M_tot = 1.357e+11, f<0 = 0.000
[06:58:52]   brazo c semilla 1: A = 4.151e+01, D_F(ε_soft) = 910736849.04, r(D_F = 1) = 196.94561865230864, ε_c,max = 3.48e+00, v_well = 790647 km/s, r_inner = 0.251 kpc, régimen débil = False
[06:58:55]   guardado c_seed1.json (2.6 s; parada temprana: True régimen débil violado en t = 0 (ε_c ≥ weak_max en r ≥ ε_soft))
[06:58:55] fin de corridas
